C:\Users\HP\AppData\Local\Programs\Python\Python313\Lib\site-packages\pytest_asyncio\plugin.py:299: PytestDeprecationWarning: The configuration option "asyncio_default_fixture_loop_scope" is unset.
The event loop scope for asynchronous fixtures will default to the "fixture" caching scope. Future versions of pytest-asyncio will default the loop scope for asynchronous fixtures to "function" scope. Set the default fixture loop scope explicitly in order to avoid unexpected behavior in the future. Valid fixture loop scopes are: "function", "class", "module", "package", "session"

  warnings.warn(PytestDeprecationWarning(_DEFAULT_FIXTURE_LOOP_SCOPE_UNSET))
..ssss                                                                   [100%]
2 passed, 4 skipped in 15.13s
