2026-07-28T13:12:49  CRITICAL  netguard.config_service  config.yaml not found at 'C:\Users\susan\AppData\Local\Temp\nonexistent_ng.yaml'. Applying built-in defaults.
2026-07-28T13:12:49  CRITICAL  netguard.config_service  config.yaml is not valid YAML at 'C:\Users\susan\AppData\Local\Temp\tmp93uu02jj.yaml': while parsing a block mapping
expected <block end>, but found ':'
  in "<unicode string>", line 1, column 1:
    : invalid: yaml: [[[
    ^. Applying built-in defaults.
2026-07-28T17:17:40  WARNING   netguard.errors  TestMod | TEST_WARN — This is a warning message
2026-07-28T17:25:16  CRITICAL  netguard.config_service  config.yaml not found at 'C:\Users\HP\AppData\Local\Temp\pytest-of-HP\pytest-1\test_missing_config_yaml_yield0\nonexistent_dir_0\config.yaml'. Applying built-in defaults.
2026-07-28T17:25:16  CRITICAL  netguard.config_service  config.yaml not found at 'C:\Users\HP\AppData\Local\Temp\pytest-of-HP\pytest-1\test_missing_config_yaml_yield0\nonexistent_dir_1\config.yaml'. Applying built-in defaults.
2026-07-28T17:25:16  CRITICAL  netguard.config_service  config.yaml not found at 'C:\Users\HP\AppData\Local\Temp\pytest-of-HP\pytest-1\test_missing_config_yaml_yield0\nonexistent_dir_2\config.yaml'. Applying built-in defaults.
2026-07-28T17:25:16  CRITICAL  netguard.config_service  config.yaml not found at 'C:\Users\HP\AppData\Local\Temp\pytest-of-HP\pytest-1\test_missing_config_yaml_yield0\nonexistent_dir_3\config.yaml'. Applying built-in defaults.
2026-07-28T17:25:16  CRITICAL  netguard.config_service  config.yaml not found at 'C:\Users\HP\AppData\Local\Temp\pytest-of-HP\pytest-1\test_missing_config_yaml_yield0\nonexistent_dir_4\config.yaml'. Applying built-in defaults.
2026-07-28T17:25:16  CRITICAL  netguard.config_service  config.yaml not found at 'C:\Users\HP\AppData\Local\Temp\pytest-of-HP\pytest-1\test_missing_config_yaml_yield0\nonexistent_dir_5\config.yaml'. Applying built-in defaults.
2026-07-28T17:25:16  CRITICAL  netguard.config_service  config.yaml not found at 'C:\Users\HP\AppData\Local\Temp\pytest-of-HP\pytest-1\test_missing_config_yaml_yield0\nonexistent_dir_6\config.yaml'. Applying built-in defaults.
2026-07-28T17:25:16  CRITICAL  netguard.config_service  config.yaml not found at 'C:\Users\HP\AppData\Local\Temp\pytest-of-HP\pytest-1\test_missing_config_yaml_yield0\nonexistent_dir_7\config.yaml'. Applying built-in defaults.
2026-07-28T17:25:16  CRITICAL  netguard.config_service  config.yaml not found at 'C:\Users\HP\AppData\Local\Temp\pytest-of-HP\pytest-1\test_missing_config_yaml_yield0\nonexistent_dir_8\config.yaml'. Applying built-in defaults.
2026-07-28T17:25:16  CRITICAL  netguard.config_service  config.yaml not found at 'C:\Users\HP\AppData\Local\Temp\pytest-of-HP\pytest-1\test_missing_config_yaml_yield0\nonexistent_dir_9\config.yaml'. Applying built-in defaults.
2026-07-28T17:25:16  CRITICAL  netguard.config_service  config.yaml not found at 'C:\Users\HP\AppData\Local\Temp\pytest-of-HP\pytest-1\test_missing_config_yaml_yield0\nonexistent_dir_10\config.yaml'. Applying built-in defaults.
2026-07-28T17:25:16  CRITICAL  netguard.config_service  config.yaml not found at 'C:\Users\HP\AppData\Local\Temp\pytest-of-HP\pytest-1\test_missing_config_yaml_yield0\nonexistent_dir_11\config.yaml'. Applying built-in defaults.
2026-07-28T17:25:16  CRITICAL  netguard.config_service  config.yaml not found at 'C:\Users\HP\AppData\Local\Temp\pytest-of-HP\pytest-1\test_missing_config_yaml_yield0\nonexistent_dir_12\config.yaml'. Applying built-in defaults.
2026-07-28T17:25:16  CRITICAL  netguard.config_service  config.yaml not found at 'C:\Users\HP\AppData\Local\Temp\pytest-of-HP\pytest-1\test_missing_config_yaml_yield0\nonexistent_dir_13\config.yaml'. Applying built-in defaults.
2026-07-28T17:25:16  CRITICAL  netguard.config_service  config.yaml not found at 'C:\Users\HP\AppData\Local\Temp\pytest-of-HP\pytest-1\test_missing_config_yaml_yield0\nonexistent_dir_14\config.yaml'. Applying built-in defaults.
2026-07-28T17:25:16  CRITICAL  netguard.config_service  config.yaml not found at 'C:\Users\HP\AppData\Local\Temp\pytest-of-HP\pytest-1\test_missing_config_yaml_yield0\nonexistent_dir_15\config.yaml'. Applying built-in defaults.
2026-07-28T17:25:16  CRITICAL  netguard.config_service  config.yaml not found at 'C:\Users\HP\AppData\Local\Temp\pytest-of-HP\pytest-1\test_missing_config_yaml_yield0\nonexistent_dir_16\config.yaml'. Applying built-in defaults.
2026-07-28T17:25:16  CRITICAL  netguard.config_service  config.yaml not found at 'C:\Users\HP\AppData\Local\Temp\pytest-of-HP\pytest-1\test_missing_config_yaml_yield0\nonexistent_dir_17\config.yaml'. Applying built-in defaults.
2026-07-28T17:25:16  CRITICAL  netguard.config_service  config.yaml not found at 'C:\Users\HP\AppData\Local\Temp\pytest-of-HP\pytest-1\test_missing_config_yaml_yield0\nonexistent_dir_18\config.yaml'. Applying built-in defaults.
2026-07-28T17:25:16  CRITICAL  netguard.config_service  config.yaml not found at 'C:\Users\HP\AppData\Local\Temp\pytest-of-HP\pytest-1\test_missing_config_yaml_yield0\nonexistent_dir_19\config.yaml'. Applying built-in defaults.
2026-07-28T17:25:16  CRITICAL  netguard.config_service  config.yaml not found at 'C:\Users\HP\AppData\Local\Temp\pytest-of-HP\pytest-1\test_missing_config_yaml_yield0\nonexistent_dir_20\config.yaml'. Applying built-in defaults.
2026-07-28T17:25:16  CRITICAL  netguard.config_service  config.yaml not found at 'C:\Users\HP\AppData\Local\Temp\pytest-of-HP\pytest-1\test_missing_config_yaml_yield0\nonexistent_dir_21\config.yaml'. Applying built-in defaults.
2026-07-28T17:25:16  CRITICAL  netguard.config_service  config.yaml not found at 'C:\Users\HP\AppData\Local\Temp\pytest-of-HP\pytest-1\test_missing_config_yaml_yield0\nonexistent_dir_22\config.yaml'. Applying built-in defaults.
2026-07-28T17:25:16  CRITICAL  netguard.config_service  config.yaml not found at 'C:\Users\HP\AppData\Local\Temp\pytest-of-HP\pytest-1\test_missing_config_yaml_yield0\nonexistent_dir_23\config.yaml'. Applying built-in defaults.
2026-07-28T17:25:16  CRITICAL  netguard.config_service  config.yaml not found at 'C:\Users\HP\AppData\Local\Temp\pytest-of-HP\pytest-1\test_missing_config_yaml_yield0\nonexistent_dir_24\config.yaml'. Applying built-in defaults.
2026-07-28T17:25:16  CRITICAL  netguard.config_service  config.yaml not found at 'C:\Users\HP\AppData\Local\Temp\pytest-of-HP\pytest-1\test_missing_config_yaml_yield0\nonexistent_dir_25\config.yaml'. Applying built-in defaults.
2026-07-28T17:25:16  CRITICAL  netguard.config_service  config.yaml not found at 'C:\Users\HP\AppData\Local\Temp\pytest-of-HP\pytest-1\test_missing_config_yaml_yield0\nonexistent_dir_26\config.yaml'. Applying built-in defaults.
2026-07-28T17:25:16  CRITICAL  netguard.config_service  config.yaml not found at 'C:\Users\HP\AppData\Local\Temp\pytest-of-HP\pytest-1\test_missing_config_yaml_yield0\nonexistent_dir_27\config.yaml'. Applying built-in defaults.
2026-07-28T17:25:16  CRITICAL  netguard.config_service  config.yaml not found at 'C:\Users\HP\AppData\Local\Temp\pytest-of-HP\pytest-1\test_missing_config_yaml_yield0\nonexistent_dir_28\config.yaml'. Applying built-in defaults.
2026-07-28T17:25:16  CRITICAL  netguard.config_service  config.yaml not found at 'C:\Users\HP\AppData\Local\Temp\pytest-of-HP\pytest-1\test_missing_config_yaml_yield0\nonexistent_dir_29\config.yaml'. Applying built-in defaults.
2026-07-28T17:25:16  CRITICAL  netguard.config_service  config.yaml not found at 'C:\Users\HP\AppData\Local\Temp\pytest-of-HP\pytest-1\test_missing_config_yaml_yield0\nonexistent_dir_30\config.yaml'. Applying built-in defaults.
2026-07-28T17:25:16  CRITICAL  netguard.config_service  config.yaml not found at 'C:\Users\HP\AppData\Local\Temp\pytest-of-HP\pytest-1\test_missing_config_yaml_yield0\nonexistent_dir_31\config.yaml'. Applying built-in defaults.
2026-07-28T17:25:16  CRITICAL  netguard.config_service  config.yaml not found at 'C:\Users\HP\AppData\Local\Temp\pytest-of-HP\pytest-1\test_missing_config_yaml_yield0\nonexistent_dir_32\config.yaml'. Applying built-in defaults.
2026-07-28T17:25:16  CRITICAL  netguard.config_service  config.yaml not found at 'C:\Users\HP\AppData\Local\Temp\pytest-of-HP\pytest-1\test_missing_config_yaml_yield0\nonexistent_dir_33\config.yaml'. Applying built-in defaults.
2026-07-28T17:25:16  CRITICAL  netguard.config_service  config.yaml not found at 'C:\Users\HP\AppData\Local\Temp\pytest-of-HP\pytest-1\test_missing_config_yaml_yield0\nonexistent_dir_34\config.yaml'. Applying built-in defaults.
2026-07-28T17:25:16  CRITICAL  netguard.config_service  config.yaml not found at 'C:\Users\HP\AppData\Local\Temp\pytest-of-HP\pytest-1\test_missing_config_yaml_yield0\nonexistent_dir_35\config.yaml'. Applying built-in defaults.
2026-07-28T17:25:16  CRITICAL  netguard.config_service  config.yaml not found at 'C:\Users\HP\AppData\Local\Temp\pytest-of-HP\pytest-1\test_missing_config_yaml_yield0\nonexistent_dir_36\config.yaml'. Applying built-in defaults.
2026-07-28T17:25:16  CRITICAL  netguard.config_service  config.yaml not found at 'C:\Users\HP\AppData\Local\Temp\pytest-of-HP\pytest-1\test_missing_config_yaml_yield0\nonexistent_dir_37\config.yaml'. Applying built-in defaults.
2026-07-28T17:25:16  CRITICAL  netguard.config_service  config.yaml not found at 'C:\Users\HP\AppData\Local\Temp\pytest-of-HP\pytest-1\test_missing_config_yaml_yield0\nonexistent_dir_38\config.yaml'. Applying built-in defaults.
2026-07-28T17:25:16  CRITICAL  netguard.config_service  config.yaml not found at 'C:\Users\HP\AppData\Local\Temp\pytest-of-HP\pytest-1\test_missing_config_yaml_yield0\nonexistent_dir_39\config.yaml'. Applying built-in defaults.
2026-07-28T17:25:16  CRITICAL  netguard.config_service  config.yaml not found at 'C:\Users\HP\AppData\Local\Temp\pytest-of-HP\pytest-1\test_missing_config_yaml_yield0\nonexistent_dir_40\config.yaml'. Applying built-in defaults.
2026-07-28T17:25:16  CRITICAL  netguard.config_service  config.yaml not found at 'C:\Users\HP\AppData\Local\Temp\pytest-of-HP\pytest-1\test_missing_config_yaml_yield0\nonexistent_dir_41\config.yaml'. Applying built-in defaults.
2026-07-28T17:25:16  CRITICAL  netguard.config_service  config.yaml not found at 'C:\Users\HP\AppData\Local\Temp\pytest-of-HP\pytest-1\test_missing_config_yaml_yield0\nonexistent_dir_42\config.yaml'. Applying built-in defaults.
2026-07-28T17:25:16  CRITICAL  netguard.config_service  config.yaml not found at 'C:\Users\HP\AppData\Local\Temp\pytest-of-HP\pytest-1\test_missing_config_yaml_yield0\nonexistent_dir_43\config.yaml'. Applying built-in defaults.
2026-07-28T17:25:16  CRITICAL  netguard.config_service  config.yaml not found at 'C:\Users\HP\AppData\Local\Temp\pytest-of-HP\pytest-1\test_missing_config_yaml_yield0\nonexistent_dir_44\config.yaml'. Applying built-in defaults.
2026-07-28T17:25:16  CRITICAL  netguard.config_service  config.yaml not found at 'C:\Users\HP\AppData\Local\Temp\pytest-of-HP\pytest-1\test_missing_config_yaml_yield0\nonexistent_dir_45\config.yaml'. Applying built-in defaults.
2026-07-28T17:25:16  CRITICAL  netguard.config_service  config.yaml not found at 'C:\Users\HP\AppData\Local\Temp\pytest-of-HP\pytest-1\test_missing_config_yaml_yield0\nonexistent_dir_46\config.yaml'. Applying built-in defaults.
2026-07-28T17:25:16  CRITICAL  netguard.config_service  config.yaml not found at 'C:\Users\HP\AppData\Local\Temp\pytest-of-HP\pytest-1\test_missing_config_yaml_yield0\nonexistent_dir_47\config.yaml'. Applying built-in defaults.
2026-07-28T17:25:16  CRITICAL  netguard.config_service  config.yaml not found at 'C:\Users\HP\AppData\Local\Temp\pytest-of-HP\pytest-1\test_missing_config_yaml_yield0\nonexistent_dir_48\config.yaml'. Applying built-in defaults.
2026-07-28T17:25:16  CRITICAL  netguard.config_service  config.yaml not found at 'C:\Users\HP\AppData\Local\Temp\pytest-of-HP\pytest-1\test_missing_config_yaml_yield0\nonexistent_dir_49\config.yaml'. Applying built-in defaults.
2026-07-28T17:25:16  CRITICAL  netguard.config_service  config.yaml not found at 'C:\Users\HP\AppData\Local\Temp\pytest-of-HP\pytest-1\test_missing_config_yaml_yield0\nonexistent_dir_50\config.yaml'. Applying built-in defaults.
2026-07-28T17:25:16  CRITICAL  netguard.config_service  config.yaml not found at 'C:\Users\HP\AppData\Local\Temp\pytest-of-HP\pytest-1\test_missing_config_yaml_yield0\nonexistent_dir_51\config.yaml'. Applying built-in defaults.
2026-07-28T17:25:16  CRITICAL  netguard.config_service  config.yaml not found at 'C:\Users\HP\AppData\Local\Temp\pytest-of-HP\pytest-1\test_missing_config_yaml_yield0\nonexistent_dir_52\config.yaml'. Applying built-in defaults.
2026-07-28T17:25:16  CRITICAL  netguard.config_service  config.yaml not found at 'C:\Users\HP\AppData\Local\Temp\pytest-of-HP\pytest-1\test_missing_config_yaml_yield0\nonexistent_dir_53\config.yaml'. Applying built-in defaults.
2026-07-28T17:25:16  CRITICAL  netguard.config_service  config.yaml not found at 'C:\Users\HP\AppData\Local\Temp\pytest-of-HP\pytest-1\test_missing_config_yaml_yield0\nonexistent_dir_54\config.yaml'. Applying built-in defaults.
2026-07-28T17:25:16  CRITICAL  netguard.config_service  config.yaml not found at 'C:\Users\HP\AppData\Local\Temp\pytest-of-HP\pytest-1\test_missing_config_yaml_yield0\nonexistent_dir_55\config.yaml'. Applying built-in defaults.
2026-07-28T17:25:16  CRITICAL  netguard.config_service  config.yaml not found at 'C:\Users\HP\AppData\Local\Temp\pytest-of-HP\pytest-1\test_missing_config_yaml_yield0\nonexistent_dir_56\config.yaml'. Applying built-in defaults.
2026-07-28T17:25:16  CRITICAL  netguard.config_service  config.yaml not found at 'C:\Users\HP\AppData\Local\Temp\pytest-of-HP\pytest-1\test_missing_config_yaml_yield0\nonexistent_dir_57\config.yaml'. Applying built-in defaults.
2026-07-28T17:25:16  CRITICAL  netguard.config_service  config.yaml not found at 'C:\Users\HP\AppData\Local\Temp\pytest-of-HP\pytest-1\test_missing_config_yaml_yield0\nonexistent_dir_58\config.yaml'. Applying built-in defaults.
2026-07-28T17:25:16  CRITICAL  netguard.config_service  config.yaml not found at 'C:\Users\HP\AppData\Local\Temp\pytest-of-HP\pytest-1\test_missing_config_yaml_yield0\nonexistent_dir_59\config.yaml'. Applying built-in defaults.
2026-07-28T17:25:16  CRITICAL  netguard.config_service  config.yaml not found at 'C:\Users\HP\AppData\Local\Temp\pytest-of-HP\pytest-1\test_missing_config_yaml_yield0\nonexistent_dir_60\config.yaml'. Applying built-in defaults.
2026-07-28T17:25:16  CRITICAL  netguard.config_service  config.yaml not found at 'C:\Users\HP\AppData\Local\Temp\pytest-of-HP\pytest-1\test_missing_config_yaml_yield0\nonexistent_dir_61\config.yaml'. Applying built-in defaults.
2026-07-28T17:25:16  CRITICAL  netguard.config_service  config.yaml not found at 'C:\Users\HP\AppData\Local\Temp\pytest-of-HP\pytest-1\test_missing_config_yaml_yield0\nonexistent_dir_62\config.yaml'. Applying built-in defaults.
2026-07-28T17:25:16  CRITICAL  netguard.config_service  config.yaml not found at 'C:\Users\HP\AppData\Local\Temp\pytest-of-HP\pytest-1\test_missing_config_yaml_yield0\nonexistent_dir_63\config.yaml'. Applying built-in defaults.
2026-07-28T17:25:16  CRITICAL  netguard.config_service  config.yaml not found at 'C:\Users\HP\AppData\Local\Temp\pytest-of-HP\pytest-1\test_missing_config_yaml_yield0\nonexistent_dir_64\config.yaml'. Applying built-in defaults.
2026-07-28T17:25:16  CRITICAL  netguard.config_service  config.yaml not found at 'C:\Users\HP\AppData\Local\Temp\pytest-of-HP\pytest-1\test_missing_config_yaml_yield0\nonexistent_dir_65\config.yaml'. Applying built-in defaults.
2026-07-28T17:25:16  CRITICAL  netguard.config_service  config.yaml not found at 'C:\Users\HP\AppData\Local\Temp\pytest-of-HP\pytest-1\test_missing_config_yaml_yield0\nonexistent_dir_66\config.yaml'. Applying built-in defaults.
2026-07-28T17:25:16  CRITICAL  netguard.config_service  config.yaml not found at 'C:\Users\HP\AppData\Local\Temp\pytest-of-HP\pytest-1\test_missing_config_yaml_yield0\nonexistent_dir_67\config.yaml'. Applying built-in defaults.
2026-07-28T17:25:16  CRITICAL  netguard.config_service  config.yaml not found at 'C:\Users\HP\AppData\Local\Temp\pytest-of-HP\pytest-1\test_missing_config_yaml_yield0\nonexistent_dir_68\config.yaml'. Applying built-in defaults.
2026-07-28T17:25:16  CRITICAL  netguard.config_service  config.yaml not found at 'C:\Users\HP\AppData\Local\Temp\pytest-of-HP\pytest-1\test_missing_config_yaml_yield0\nonexistent_dir_69\config.yaml'. Applying built-in defaults.
2026-07-28T17:25:16  CRITICAL  netguard.config_service  config.yaml not found at 'C:\Users\HP\AppData\Local\Temp\pytest-of-HP\pytest-1\test_missing_config_yaml_yield0\nonexistent_dir_70\config.yaml'. Applying built-in defaults.
2026-07-28T17:25:16  CRITICAL  netguard.config_service  config.yaml not found at 'C:\Users\HP\AppData\Local\Temp\pytest-of-HP\pytest-1\test_missing_config_yaml_yield0\nonexistent_dir_71\config.yaml'. Applying built-in defaults.
2026-07-28T17:25:16  CRITICAL  netguard.config_service  config.yaml not found at 'C:\Users\HP\AppData\Local\Temp\pytest-of-HP\pytest-1\test_missing_config_yaml_yield0\nonexistent_dir_72\config.yaml'. Applying built-in defaults.
2026-07-28T17:25:16  CRITICAL  netguard.config_service  config.yaml not found at 'C:\Users\HP\AppData\Local\Temp\pytest-of-HP\pytest-1\test_missing_config_yaml_yield0\nonexistent_dir_73\config.yaml'. Applying built-in defaults.
2026-07-28T17:25:16  CRITICAL  netguard.config_service  config.yaml not found at 'C:\Users\HP\AppData\Local\Temp\pytest-of-HP\pytest-1\test_missing_config_yaml_yield0\nonexistent_dir_74\config.yaml'. Applying built-in defaults.
2026-07-28T17:25:16  CRITICAL  netguard.config_service  config.yaml not found at 'C:\Users\HP\AppData\Local\Temp\pytest-of-HP\pytest-1\test_missing_config_yaml_yield0\nonexistent_dir_75\config.yaml'. Applying built-in defaults.
2026-07-28T17:25:16  CRITICAL  netguard.config_service  config.yaml not found at 'C:\Users\HP\AppData\Local\Temp\pytest-of-HP\pytest-1\test_missing_config_yaml_yield0\nonexistent_dir_76\config.yaml'. Applying built-in defaults.
2026-07-28T17:25:16  CRITICAL  netguard.config_service  config.yaml not found at 'C:\Users\HP\AppData\Local\Temp\pytest-of-HP\pytest-1\test_missing_config_yaml_yield0\nonexistent_dir_77\config.yaml'. Applying built-in defaults.
2026-07-28T17:25:16  CRITICAL  netguard.config_service  config.yaml not found at 'C:\Users\HP\AppData\Local\Temp\pytest-of-HP\pytest-1\test_missing_config_yaml_yield0\nonexistent_dir_78\config.yaml'. Applying built-in defaults.
2026-07-28T17:25:16  CRITICAL  netguard.config_service  config.yaml not found at 'C:\Users\HP\AppData\Local\Temp\pytest-of-HP\pytest-1\test_missing_config_yaml_yield0\nonexistent_dir_79\config.yaml'. Applying built-in defaults.
2026-07-28T17:25:16  CRITICAL  netguard.config_service  config.yaml not found at 'C:\Users\HP\AppData\Local\Temp\pytest-of-HP\pytest-1\test_missing_config_yaml_yield0\nonexistent_dir_80\config.yaml'. Applying built-in defaults.
2026-07-28T17:25:16  CRITICAL  netguard.config_service  config.yaml not found at 'C:\Users\HP\AppData\Local\Temp\pytest-of-HP\pytest-1\test_missing_config_yaml_yield0\nonexistent_dir_81\config.yaml'. Applying built-in defaults.
2026-07-28T17:25:16  CRITICAL  netguard.config_service  config.yaml not found at 'C:\Users\HP\AppData\Local\Temp\pytest-of-HP\pytest-1\test_missing_config_yaml_yield0\nonexistent_dir_82\config.yaml'. Applying built-in defaults.
2026-07-28T17:25:16  CRITICAL  netguard.config_service  config.yaml not found at 'C:\Users\HP\AppData\Local\Temp\pytest-of-HP\pytest-1\test_missing_config_yaml_yield0\nonexistent_dir_83\config.yaml'. Applying built-in defaults.
2026-07-28T17:25:16  CRITICAL  netguard.config_service  config.yaml not found at 'C:\Users\HP\AppData\Local\Temp\pytest-of-HP\pytest-1\test_missing_config_yaml_yield0\nonexistent_dir_84\config.yaml'. Applying built-in defaults.
2026-07-28T17:25:16  CRITICAL  netguard.config_service  config.yaml not found at 'C:\Users\HP\AppData\Local\Temp\pytest-of-HP\pytest-1\test_missing_config_yaml_yield0\nonexistent_dir_85\config.yaml'. Applying built-in defaults.
2026-07-28T17:25:16  CRITICAL  netguard.config_service  config.yaml not found at 'C:\Users\HP\AppData\Local\Temp\pytest-of-HP\pytest-1\test_missing_config_yaml_yield0\nonexistent_dir_86\config.yaml'. Applying built-in defaults.
2026-07-28T17:25:16  CRITICAL  netguard.config_service  config.yaml not found at 'C:\Users\HP\AppData\Local\Temp\pytest-of-HP\pytest-1\test_missing_config_yaml_yield0\nonexistent_dir_87\config.yaml'. Applying built-in defaults.
2026-07-28T17:25:16  CRITICAL  netguard.config_service  config.yaml not found at 'C:\Users\HP\AppData\Local\Temp\pytest-of-HP\pytest-1\test_missing_config_yaml_yield0\nonexistent_dir_88\config.yaml'. Applying built-in defaults.
2026-07-28T17:25:16  CRITICAL  netguard.config_service  config.yaml not found at 'C:\Users\HP\AppData\Local\Temp\pytest-of-HP\pytest-1\test_missing_config_yaml_yield0\nonexistent_dir_89\config.yaml'. Applying built-in defaults.
2026-07-28T17:25:16  CRITICAL  netguard.config_service  config.yaml not found at 'C:\Users\HP\AppData\Local\Temp\pytest-of-HP\pytest-1\test_missing_config_yaml_yield0\nonexistent_dir_90\config.yaml'. Applying built-in defaults.
2026-07-28T17:25:16  CRITICAL  netguard.config_service  config.yaml not found at 'C:\Users\HP\AppData\Local\Temp\pytest-of-HP\pytest-1\test_missing_config_yaml_yield0\nonexistent_dir_91\config.yaml'. Applying built-in defaults.
2026-07-28T17:25:16  CRITICAL  netguard.config_service  config.yaml not found at 'C:\Users\HP\AppData\Local\Temp\pytest-of-HP\pytest-1\test_missing_config_yaml_yield0\nonexistent_dir_92\config.yaml'. Applying built-in defaults.
2026-07-28T17:25:16  CRITICAL  netguard.config_service  config.yaml not found at 'C:\Users\HP\AppData\Local\Temp\pytest-of-HP\pytest-1\test_missing_config_yaml_yield0\nonexistent_dir_93\config.yaml'. Applying built-in defaults.
2026-07-28T17:25:16  CRITICAL  netguard.config_service  config.yaml not found at 'C:\Users\HP\AppData\Local\Temp\pytest-of-HP\pytest-1\test_missing_config_yaml_yield0\nonexistent_dir_94\config.yaml'. Applying built-in defaults.
2026-07-28T17:25:16  CRITICAL  netguard.config_service  config.yaml not found at 'C:\Users\HP\AppData\Local\Temp\pytest-of-HP\pytest-1\test_missing_config_yaml_yield0\nonexistent_dir_95\config.yaml'. Applying built-in defaults.
2026-07-28T17:25:16  CRITICAL  netguard.config_service  config.yaml not found at 'C:\Users\HP\AppData\Local\Temp\pytest-of-HP\pytest-1\test_missing_config_yaml_yield0\nonexistent_dir_96\config.yaml'. Applying built-in defaults.
2026-07-28T17:25:16  CRITICAL  netguard.config_service  config.yaml not found at 'C:\Users\HP\AppData\Local\Temp\pytest-of-HP\pytest-1\test_missing_config_yaml_yield0\nonexistent_dir_97\config.yaml'. Applying built-in defaults.
2026-07-28T17:25:16  CRITICAL  netguard.config_service  config.yaml not found at 'C:\Users\HP\AppData\Local\Temp\pytest-of-HP\pytest-1\test_missing_config_yaml_yield0\nonexistent_dir_98\config.yaml'. Applying built-in defaults.
2026-07-28T17:25:16  CRITICAL  netguard.config_service  config.yaml not found at 'C:\Users\HP\AppData\Local\Temp\pytest-of-HP\pytest-1\test_missing_config_yaml_yield0\nonexistent_dir_99\config.yaml'. Applying built-in defaults.
2026-07-28T17:26:48  CRITICAL  netguard.config_service  config.yaml not found at 'C:\Users\HP\AppData\Local\Temp\pytest-of-HP\pytest-2\test_missing_config_yaml_yield0\nonexistent_dir_0\config.yaml'. Applying built-in defaults.
2026-07-28T17:26:48  CRITICAL  netguard.config_service  config.yaml not found at 'C:\Users\HP\AppData\Local\Temp\pytest-of-HP\pytest-2\test_missing_config_yaml_yield0\nonexistent_dir_1\config.yaml'. Applying built-in defaults.
2026-07-28T17:26:48  CRITICAL  netguard.config_service  config.yaml not found at 'C:\Users\HP\AppData\Local\Temp\pytest-of-HP\pytest-2\test_missing_config_yaml_yield0\nonexistent_dir_2\config.yaml'. Applying built-in defaults.
2026-07-28T17:26:48  CRITICAL  netguard.config_service  config.yaml not found at 'C:\Users\HP\AppData\Local\Temp\pytest-of-HP\pytest-2\test_missing_config_yaml_yield0\nonexistent_dir_3\config.yaml'. Applying built-in defaults.
2026-07-28T17:26:48  CRITICAL  netguard.config_service  config.yaml not found at 'C:\Users\HP\AppData\Local\Temp\pytest-of-HP\pytest-2\test_missing_config_yaml_yield0\nonexistent_dir_4\config.yaml'. Applying built-in defaults.
2026-07-28T17:26:48  CRITICAL  netguard.config_service  config.yaml not found at 'C:\Users\HP\AppData\Local\Temp\pytest-of-HP\pytest-2\test_missing_config_yaml_yield0\nonexistent_dir_5\config.yaml'. Applying built-in defaults.
2026-07-28T17:26:48  CRITICAL  netguard.config_service  config.yaml not found at 'C:\Users\HP\AppData\Local\Temp\pytest-of-HP\pytest-2\test_missing_config_yaml_yield0\nonexistent_dir_6\config.yaml'. Applying built-in defaults.
2026-07-28T17:26:48  CRITICAL  netguard.config_service  config.yaml not found at 'C:\Users\HP\AppData\Local\Temp\pytest-of-HP\pytest-2\test_missing_config_yaml_yield0\nonexistent_dir_7\config.yaml'. Applying built-in defaults.
2026-07-28T17:26:48  CRITICAL  netguard.config_service  config.yaml not found at 'C:\Users\HP\AppData\Local\Temp\pytest-of-HP\pytest-2\test_missing_config_yaml_yield0\nonexistent_dir_8\config.yaml'. Applying built-in defaults.
2026-07-28T17:26:48  CRITICAL  netguard.config_service  config.yaml not found at 'C:\Users\HP\AppData\Local\Temp\pytest-of-HP\pytest-2\test_missing_config_yaml_yield0\nonexistent_dir_9\config.yaml'. Applying built-in defaults.
2026-07-28T17:26:48  CRITICAL  netguard.config_service  config.yaml not found at 'C:\Users\HP\AppData\Local\Temp\pytest-of-HP\pytest-2\test_missing_config_yaml_yield0\nonexistent_dir_10\config.yaml'. Applying built-in defaults.
2026-07-28T17:26:48  CRITICAL  netguard.config_service  config.yaml not found at 'C:\Users\HP\AppData\Local\Temp\pytest-of-HP\pytest-2\test_missing_config_yaml_yield0\nonexistent_dir_11\config.yaml'. Applying built-in defaults.
2026-07-28T17:26:48  CRITICAL  netguard.config_service  config.yaml not found at 'C:\Users\HP\AppData\Local\Temp\pytest-of-HP\pytest-2\test_missing_config_yaml_yield0\nonexistent_dir_12\config.yaml'. Applying built-in defaults.
2026-07-28T17:26:48  CRITICAL  netguard.config_service  config.yaml not found at 'C:\Users\HP\AppData\Local\Temp\pytest-of-HP\pytest-2\test_missing_config_yaml_yield0\nonexistent_dir_13\config.yaml'. Applying built-in defaults.
2026-07-28T17:26:48  CRITICAL  netguard.config_service  config.yaml not found at 'C:\Users\HP\AppData\Local\Temp\pytest-of-HP\pytest-2\test_missing_config_yaml_yield0\nonexistent_dir_14\config.yaml'. Applying built-in defaults.
2026-07-28T17:26:48  CRITICAL  netguard.config_service  config.yaml not found at 'C:\Users\HP\AppData\Local\Temp\pytest-of-HP\pytest-2\test_missing_config_yaml_yield0\nonexistent_dir_15\config.yaml'. Applying built-in defaults.
2026-07-28T17:26:48  CRITICAL  netguard.config_service  config.yaml not found at 'C:\Users\HP\AppData\Local\Temp\pytest-of-HP\pytest-2\test_missing_config_yaml_yield0\nonexistent_dir_16\config.yaml'. Applying built-in defaults.
2026-07-28T17:26:48  CRITICAL  netguard.config_service  config.yaml not found at 'C:\Users\HP\AppData\Local\Temp\pytest-of-HP\pytest-2\test_missing_config_yaml_yield0\nonexistent_dir_17\config.yaml'. Applying built-in defaults.
2026-07-28T17:26:48  CRITICAL  netguard.config_service  config.yaml not found at 'C:\Users\HP\AppData\Local\Temp\pytest-of-HP\pytest-2\test_missing_config_yaml_yield0\nonexistent_dir_18\config.yaml'. Applying built-in defaults.
2026-07-28T17:26:48  CRITICAL  netguard.config_service  config.yaml not found at 'C:\Users\HP\AppData\Local\Temp\pytest-of-HP\pytest-2\test_missing_config_yaml_yield0\nonexistent_dir_19\config.yaml'. Applying built-in defaults.
2026-07-28T17:26:48  CRITICAL  netguard.config_service  config.yaml not found at 'C:\Users\HP\AppData\Local\Temp\pytest-of-HP\pytest-2\test_missing_config_yaml_yield0\nonexistent_dir_20\config.yaml'. Applying built-in defaults.
2026-07-28T17:26:48  CRITICAL  netguard.config_service  config.yaml not found at 'C:\Users\HP\AppData\Local\Temp\pytest-of-HP\pytest-2\test_missing_config_yaml_yield0\nonexistent_dir_21\config.yaml'. Applying built-in defaults.
2026-07-28T17:26:48  CRITICAL  netguard.config_service  config.yaml not found at 'C:\Users\HP\AppData\Local\Temp\pytest-of-HP\pytest-2\test_missing_config_yaml_yield0\nonexistent_dir_22\config.yaml'. Applying built-in defaults.
2026-07-28T17:26:48  CRITICAL  netguard.config_service  config.yaml not found at 'C:\Users\HP\AppData\Local\Temp\pytest-of-HP\pytest-2\test_missing_config_yaml_yield0\nonexistent_dir_23\config.yaml'. Applying built-in defaults.
2026-07-28T17:26:48  CRITICAL  netguard.config_service  config.yaml not found at 'C:\Users\HP\AppData\Local\Temp\pytest-of-HP\pytest-2\test_missing_config_yaml_yield0\nonexistent_dir_24\config.yaml'. Applying built-in defaults.
2026-07-28T17:26:48  CRITICAL  netguard.config_service  config.yaml not found at 'C:\Users\HP\AppData\Local\Temp\pytest-of-HP\pytest-2\test_missing_config_yaml_yield0\nonexistent_dir_25\config.yaml'. Applying built-in defaults.
2026-07-28T17:26:48  CRITICAL  netguard.config_service  config.yaml not found at 'C:\Users\HP\AppData\Local\Temp\pytest-of-HP\pytest-2\test_missing_config_yaml_yield0\nonexistent_dir_26\config.yaml'. Applying built-in defaults.
2026-07-28T17:26:48  CRITICAL  netguard.config_service  config.yaml not found at 'C:\Users\HP\AppData\Local\Temp\pytest-of-HP\pytest-2\test_missing_config_yaml_yield0\nonexistent_dir_27\config.yaml'. Applying built-in defaults.
2026-07-28T17:26:48  CRITICAL  netguard.config_service  config.yaml not found at 'C:\Users\HP\AppData\Local\Temp\pytest-of-HP\pytest-2\test_missing_config_yaml_yield0\nonexistent_dir_28\config.yaml'. Applying built-in defaults.
2026-07-28T17:26:48  CRITICAL  netguard.config_service  config.yaml not found at 'C:\Users\HP\AppData\Local\Temp\pytest-of-HP\pytest-2\test_missing_config_yaml_yield0\nonexistent_dir_29\config.yaml'. Applying built-in defaults.
2026-07-28T17:26:48  CRITICAL  netguard.config_service  config.yaml not found at 'C:\Users\HP\AppData\Local\Temp\pytest-of-HP\pytest-2\test_missing_config_yaml_yield0\nonexistent_dir_30\config.yaml'. Applying built-in defaults.
2026-07-28T17:26:48  CRITICAL  netguard.config_service  config.yaml not found at 'C:\Users\HP\AppData\Local\Temp\pytest-of-HP\pytest-2\test_missing_config_yaml_yield0\nonexistent_dir_31\config.yaml'. Applying built-in defaults.
2026-07-28T17:26:48  CRITICAL  netguard.config_service  config.yaml not found at 'C:\Users\HP\AppData\Local\Temp\pytest-of-HP\pytest-2\test_missing_config_yaml_yield0\nonexistent_dir_32\config.yaml'. Applying built-in defaults.
2026-07-28T17:26:48  CRITICAL  netguard.config_service  config.yaml not found at 'C:\Users\HP\AppData\Local\Temp\pytest-of-HP\pytest-2\test_missing_config_yaml_yield0\nonexistent_dir_33\config.yaml'. Applying built-in defaults.
2026-07-28T17:26:48  CRITICAL  netguard.config_service  config.yaml not found at 'C:\Users\HP\AppData\Local\Temp\pytest-of-HP\pytest-2\test_missing_config_yaml_yield0\nonexistent_dir_34\config.yaml'. Applying built-in defaults.
2026-07-28T17:26:48  CRITICAL  netguard.config_service  config.yaml not found at 'C:\Users\HP\AppData\Local\Temp\pytest-of-HP\pytest-2\test_missing_config_yaml_yield0\nonexistent_dir_35\config.yaml'. Applying built-in defaults.
2026-07-28T17:26:48  CRITICAL  netguard.config_service  config.yaml not found at 'C:\Users\HP\AppData\Local\Temp\pytest-of-HP\pytest-2\test_missing_config_yaml_yield0\nonexistent_dir_36\config.yaml'. Applying built-in defaults.
2026-07-28T17:26:48  CRITICAL  netguard.config_service  config.yaml not found at 'C:\Users\HP\AppData\Local\Temp\pytest-of-HP\pytest-2\test_missing_config_yaml_yield0\nonexistent_dir_37\config.yaml'. Applying built-in defaults.
2026-07-28T17:26:48  CRITICAL  netguard.config_service  config.yaml not found at 'C:\Users\HP\AppData\Local\Temp\pytest-of-HP\pytest-2\test_missing_config_yaml_yield0\nonexistent_dir_38\config.yaml'. Applying built-in defaults.
2026-07-28T17:26:48  CRITICAL  netguard.config_service  config.yaml not found at 'C:\Users\HP\AppData\Local\Temp\pytest-of-HP\pytest-2\test_missing_config_yaml_yield0\nonexistent_dir_39\config.yaml'. Applying built-in defaults.
2026-07-28T17:26:48  CRITICAL  netguard.config_service  config.yaml not found at 'C:\Users\HP\AppData\Local\Temp\pytest-of-HP\pytest-2\test_missing_config_yaml_yield0\nonexistent_dir_40\config.yaml'. Applying built-in defaults.
2026-07-28T17:26:48  CRITICAL  netguard.config_service  config.yaml not found at 'C:\Users\HP\AppData\Local\Temp\pytest-of-HP\pytest-2\test_missing_config_yaml_yield0\nonexistent_dir_41\config.yaml'. Applying built-in defaults.
2026-07-28T17:26:48  CRITICAL  netguard.config_service  config.yaml not found at 'C:\Users\HP\AppData\Local\Temp\pytest-of-HP\pytest-2\test_missing_config_yaml_yield0\nonexistent_dir_42\config.yaml'. Applying built-in defaults.
2026-07-28T17:26:48  CRITICAL  netguard.config_service  config.yaml not found at 'C:\Users\HP\AppData\Local\Temp\pytest-of-HP\pytest-2\test_missing_config_yaml_yield0\nonexistent_dir_43\config.yaml'. Applying built-in defaults.
2026-07-28T17:26:48  CRITICAL  netguard.config_service  config.yaml not found at 'C:\Users\HP\AppData\Local\Temp\pytest-of-HP\pytest-2\test_missing_config_yaml_yield0\nonexistent_dir_44\config.yaml'. Applying built-in defaults.
2026-07-28T17:26:48  CRITICAL  netguard.config_service  config.yaml not found at 'C:\Users\HP\AppData\Local\Temp\pytest-of-HP\pytest-2\test_missing_config_yaml_yield0\nonexistent_dir_45\config.yaml'. Applying built-in defaults.
2026-07-28T17:26:48  CRITICAL  netguard.config_service  config.yaml not found at 'C:\Users\HP\AppData\Local\Temp\pytest-of-HP\pytest-2\test_missing_config_yaml_yield0\nonexistent_dir_46\config.yaml'. Applying built-in defaults.
2026-07-28T17:26:48  CRITICAL  netguard.config_service  config.yaml not found at 'C:\Users\HP\AppData\Local\Temp\pytest-of-HP\pytest-2\test_missing_config_yaml_yield0\nonexistent_dir_47\config.yaml'. Applying built-in defaults.
2026-07-28T17:26:48  CRITICAL  netguard.config_service  config.yaml not found at 'C:\Users\HP\AppData\Local\Temp\pytest-of-HP\pytest-2\test_missing_config_yaml_yield0\nonexistent_dir_48\config.yaml'. Applying built-in defaults.
2026-07-28T17:26:48  CRITICAL  netguard.config_service  config.yaml not found at 'C:\Users\HP\AppData\Local\Temp\pytest-of-HP\pytest-2\test_missing_config_yaml_yield0\nonexistent_dir_49\config.yaml'. Applying built-in defaults.
2026-07-28T17:26:48  CRITICAL  netguard.config_service  config.yaml not found at 'C:\Users\HP\AppData\Local\Temp\pytest-of-HP\pytest-2\test_missing_config_yaml_yield0\nonexistent_dir_50\config.yaml'. Applying built-in defaults.
2026-07-28T17:26:48  CRITICAL  netguard.config_service  config.yaml not found at 'C:\Users\HP\AppData\Local\Temp\pytest-of-HP\pytest-2\test_missing_config_yaml_yield0\nonexistent_dir_51\config.yaml'. Applying built-in defaults.
2026-07-28T17:26:48  CRITICAL  netguard.config_service  config.yaml not found at 'C:\Users\HP\AppData\Local\Temp\pytest-of-HP\pytest-2\test_missing_config_yaml_yield0\nonexistent_dir_52\config.yaml'. Applying built-in defaults.
2026-07-28T17:26:48  CRITICAL  netguard.config_service  config.yaml not found at 'C:\Users\HP\AppData\Local\Temp\pytest-of-HP\pytest-2\test_missing_config_yaml_yield0\nonexistent_dir_53\config.yaml'. Applying built-in defaults.
2026-07-28T17:26:48  CRITICAL  netguard.config_service  config.yaml not found at 'C:\Users\HP\AppData\Local\Temp\pytest-of-HP\pytest-2\test_missing_config_yaml_yield0\nonexistent_dir_54\config.yaml'. Applying built-in defaults.
2026-07-28T17:26:48  CRITICAL  netguard.config_service  config.yaml not found at 'C:\Users\HP\AppData\Local\Temp\pytest-of-HP\pytest-2\test_missing_config_yaml_yield0\nonexistent_dir_55\config.yaml'. Applying built-in defaults.
2026-07-28T17:26:48  CRITICAL  netguard.config_service  config.yaml not found at 'C:\Users\HP\AppData\Local\Temp\pytest-of-HP\pytest-2\test_missing_config_yaml_yield0\nonexistent_dir_56\config.yaml'. Applying built-in defaults.
2026-07-28T17:26:48  CRITICAL  netguard.config_service  config.yaml not found at 'C:\Users\HP\AppData\Local\Temp\pytest-of-HP\pytest-2\test_missing_config_yaml_yield0\nonexistent_dir_57\config.yaml'. Applying built-in defaults.
2026-07-28T17:26:48  CRITICAL  netguard.config_service  config.yaml not found at 'C:\Users\HP\AppData\Local\Temp\pytest-of-HP\pytest-2\test_missing_config_yaml_yield0\nonexistent_dir_58\config.yaml'. Applying built-in defaults.
2026-07-28T17:26:48  CRITICAL  netguard.config_service  config.yaml not found at 'C:\Users\HP\AppData\Local\Temp\pytest-of-HP\pytest-2\test_missing_config_yaml_yield0\nonexistent_dir_59\config.yaml'. Applying built-in defaults.
2026-07-28T17:26:48  CRITICAL  netguard.config_service  config.yaml not found at 'C:\Users\HP\AppData\Local\Temp\pytest-of-HP\pytest-2\test_missing_config_yaml_yield0\nonexistent_dir_60\config.yaml'. Applying built-in defaults.
2026-07-28T17:26:48  CRITICAL  netguard.config_service  config.yaml not found at 'C:\Users\HP\AppData\Local\Temp\pytest-of-HP\pytest-2\test_missing_config_yaml_yield0\nonexistent_dir_61\config.yaml'. Applying built-in defaults.
2026-07-28T17:26:48  CRITICAL  netguard.config_service  config.yaml not found at 'C:\Users\HP\AppData\Local\Temp\pytest-of-HP\pytest-2\test_missing_config_yaml_yield0\nonexistent_dir_62\config.yaml'. Applying built-in defaults.
2026-07-28T17:26:48  CRITICAL  netguard.config_service  config.yaml not found at 'C:\Users\HP\AppData\Local\Temp\pytest-of-HP\pytest-2\test_missing_config_yaml_yield0\nonexistent_dir_63\config.yaml'. Applying built-in defaults.
2026-07-28T17:26:48  CRITICAL  netguard.config_service  config.yaml not found at 'C:\Users\HP\AppData\Local\Temp\pytest-of-HP\pytest-2\test_missing_config_yaml_yield0\nonexistent_dir_64\config.yaml'. Applying built-in defaults.
2026-07-28T17:26:48  CRITICAL  netguard.config_service  config.yaml not found at 'C:\Users\HP\AppData\Local\Temp\pytest-of-HP\pytest-2\test_missing_config_yaml_yield0\nonexistent_dir_65\config.yaml'. Applying built-in defaults.
2026-07-28T17:26:48  CRITICAL  netguard.config_service  config.yaml not found at 'C:\Users\HP\AppData\Local\Temp\pytest-of-HP\pytest-2\test_missing_config_yaml_yield0\nonexistent_dir_66\config.yaml'. Applying built-in defaults.
2026-07-28T17:26:48  CRITICAL  netguard.config_service  config.yaml not found at 'C:\Users\HP\AppData\Local\Temp\pytest-of-HP\pytest-2\test_missing_config_yaml_yield0\nonexistent_dir_67\config.yaml'. Applying built-in defaults.
2026-07-28T17:26:48  CRITICAL  netguard.config_service  config.yaml not found at 'C:\Users\HP\AppData\Local\Temp\pytest-of-HP\pytest-2\test_missing_config_yaml_yield0\nonexistent_dir_68\config.yaml'. Applying built-in defaults.
2026-07-28T17:26:48  CRITICAL  netguard.config_service  config.yaml not found at 'C:\Users\HP\AppData\Local\Temp\pytest-of-HP\pytest-2\test_missing_config_yaml_yield0\nonexistent_dir_69\config.yaml'. Applying built-in defaults.
2026-07-28T17:26:48  CRITICAL  netguard.config_service  config.yaml not found at 'C:\Users\HP\AppData\Local\Temp\pytest-of-HP\pytest-2\test_missing_config_yaml_yield0\nonexistent_dir_70\config.yaml'. Applying built-in defaults.
2026-07-28T17:26:48  CRITICAL  netguard.config_service  config.yaml not found at 'C:\Users\HP\AppData\Local\Temp\pytest-of-HP\pytest-2\test_missing_config_yaml_yield0\nonexistent_dir_71\config.yaml'. Applying built-in defaults.
2026-07-28T17:26:48  CRITICAL  netguard.config_service  config.yaml not found at 'C:\Users\HP\AppData\Local\Temp\pytest-of-HP\pytest-2\test_missing_config_yaml_yield0\nonexistent_dir_72\config.yaml'. Applying built-in defaults.
2026-07-28T17:26:48  CRITICAL  netguard.config_service  config.yaml not found at 'C:\Users\HP\AppData\Local\Temp\pytest-of-HP\pytest-2\test_missing_config_yaml_yield0\nonexistent_dir_73\config.yaml'. Applying built-in defaults.
2026-07-28T17:26:48  CRITICAL  netguard.config_service  config.yaml not found at 'C:\Users\HP\AppData\Local\Temp\pytest-of-HP\pytest-2\test_missing_config_yaml_yield0\nonexistent_dir_74\config.yaml'. Applying built-in defaults.
2026-07-28T17:26:48  CRITICAL  netguard.config_service  config.yaml not found at 'C:\Users\HP\AppData\Local\Temp\pytest-of-HP\pytest-2\test_missing_config_yaml_yield0\nonexistent_dir_75\config.yaml'. Applying built-in defaults.
2026-07-28T17:26:48  CRITICAL  netguard.config_service  config.yaml not found at 'C:\Users\HP\AppData\Local\Temp\pytest-of-HP\pytest-2\test_missing_config_yaml_yield0\nonexistent_dir_76\config.yaml'. Applying built-in defaults.
2026-07-28T17:26:48  CRITICAL  netguard.config_service  config.yaml not found at 'C:\Users\HP\AppData\Local\Temp\pytest-of-HP\pytest-2\test_missing_config_yaml_yield0\nonexistent_dir_77\config.yaml'. Applying built-in defaults.
2026-07-28T17:26:48  CRITICAL  netguard.config_service  config.yaml not found at 'C:\Users\HP\AppData\Local\Temp\pytest-of-HP\pytest-2\test_missing_config_yaml_yield0\nonexistent_dir_78\config.yaml'. Applying built-in defaults.
2026-07-28T17:26:48  CRITICAL  netguard.config_service  config.yaml not found at 'C:\Users\HP\AppData\Local\Temp\pytest-of-HP\pytest-2\test_missing_config_yaml_yield0\nonexistent_dir_79\config.yaml'. Applying built-in defaults.
2026-07-28T17:26:48  CRITICAL  netguard.config_service  config.yaml not found at 'C:\Users\HP\AppData\Local\Temp\pytest-of-HP\pytest-2\test_missing_config_yaml_yield0\nonexistent_dir_80\config.yaml'. Applying built-in defaults.
2026-07-28T17:26:48  CRITICAL  netguard.config_service  config.yaml not found at 'C:\Users\HP\AppData\Local\Temp\pytest-of-HP\pytest-2\test_missing_config_yaml_yield0\nonexistent_dir_81\config.yaml'. Applying built-in defaults.
2026-07-28T17:26:48  CRITICAL  netguard.config_service  config.yaml not found at 'C:\Users\HP\AppData\Local\Temp\pytest-of-HP\pytest-2\test_missing_config_yaml_yield0\nonexistent_dir_82\config.yaml'. Applying built-in defaults.
2026-07-28T17:26:48  CRITICAL  netguard.config_service  config.yaml not found at 'C:\Users\HP\AppData\Local\Temp\pytest-of-HP\pytest-2\test_missing_config_yaml_yield0\nonexistent_dir_83\config.yaml'. Applying built-in defaults.
2026-07-28T17:26:48  CRITICAL  netguard.config_service  config.yaml not found at 'C:\Users\HP\AppData\Local\Temp\pytest-of-HP\pytest-2\test_missing_config_yaml_yield0\nonexistent_dir_84\config.yaml'. Applying built-in defaults.
2026-07-28T17:26:48  CRITICAL  netguard.config_service  config.yaml not found at 'C:\Users\HP\AppData\Local\Temp\pytest-of-HP\pytest-2\test_missing_config_yaml_yield0\nonexistent_dir_85\config.yaml'. Applying built-in defaults.
2026-07-28T17:26:48  CRITICAL  netguard.config_service  config.yaml not found at 'C:\Users\HP\AppData\Local\Temp\pytest-of-HP\pytest-2\test_missing_config_yaml_yield0\nonexistent_dir_86\config.yaml'. Applying built-in defaults.
2026-07-28T17:26:48  CRITICAL  netguard.config_service  config.yaml not found at 'C:\Users\HP\AppData\Local\Temp\pytest-of-HP\pytest-2\test_missing_config_yaml_yield0\nonexistent_dir_87\config.yaml'. Applying built-in defaults.
2026-07-28T17:26:48  CRITICAL  netguard.config_service  config.yaml not found at 'C:\Users\HP\AppData\Local\Temp\pytest-of-HP\pytest-2\test_missing_config_yaml_yield0\nonexistent_dir_88\config.yaml'. Applying built-in defaults.
2026-07-28T17:26:48  CRITICAL  netguard.config_service  config.yaml not found at 'C:\Users\HP\AppData\Local\Temp\pytest-of-HP\pytest-2\test_missing_config_yaml_yield0\nonexistent_dir_89\config.yaml'. Applying built-in defaults.
2026-07-28T17:26:48  CRITICAL  netguard.config_service  config.yaml not found at 'C:\Users\HP\AppData\Local\Temp\pytest-of-HP\pytest-2\test_missing_config_yaml_yield0\nonexistent_dir_90\config.yaml'. Applying built-in defaults.
2026-07-28T17:26:48  CRITICAL  netguard.config_service  config.yaml not found at 'C:\Users\HP\AppData\Local\Temp\pytest-of-HP\pytest-2\test_missing_config_yaml_yield0\nonexistent_dir_91\config.yaml'. Applying built-in defaults.
2026-07-28T17:26:48  CRITICAL  netguard.config_service  config.yaml not found at 'C:\Users\HP\AppData\Local\Temp\pytest-of-HP\pytest-2\test_missing_config_yaml_yield0\nonexistent_dir_92\config.yaml'. Applying built-in defaults.
2026-07-28T17:26:48  CRITICAL  netguard.config_service  config.yaml not found at 'C:\Users\HP\AppData\Local\Temp\pytest-of-HP\pytest-2\test_missing_config_yaml_yield0\nonexistent_dir_93\config.yaml'. Applying built-in defaults.
2026-07-28T17:26:48  CRITICAL  netguard.config_service  config.yaml not found at 'C:\Users\HP\AppData\Local\Temp\pytest-of-HP\pytest-2\test_missing_config_yaml_yield0\nonexistent_dir_94\config.yaml'. Applying built-in defaults.
2026-07-28T17:26:48  CRITICAL  netguard.config_service  config.yaml not found at 'C:\Users\HP\AppData\Local\Temp\pytest-of-HP\pytest-2\test_missing_config_yaml_yield0\nonexistent_dir_95\config.yaml'. Applying built-in defaults.
2026-07-28T17:26:48  CRITICAL  netguard.config_service  config.yaml not found at 'C:\Users\HP\AppData\Local\Temp\pytest-of-HP\pytest-2\test_missing_config_yaml_yield0\nonexistent_dir_96\config.yaml'. Applying built-in defaults.
2026-07-28T17:26:48  CRITICAL  netguard.config_service  config.yaml not found at 'C:\Users\HP\AppData\Local\Temp\pytest-of-HP\pytest-2\test_missing_config_yaml_yield0\nonexistent_dir_97\config.yaml'. Applying built-in defaults.
2026-07-28T17:26:48  CRITICAL  netguard.config_service  config.yaml not found at 'C:\Users\HP\AppData\Local\Temp\pytest-of-HP\pytest-2\test_missing_config_yaml_yield0\nonexistent_dir_98\config.yaml'. Applying built-in defaults.
2026-07-28T17:26:48  CRITICAL  netguard.config_service  config.yaml not found at 'C:\Users\HP\AppData\Local\Temp\pytest-of-HP\pytest-2\test_missing_config_yaml_yield0\nonexistent_dir_99\config.yaml'. Applying built-in defaults.
